[1/3] Creating OSX icons ...
/Users/christopher/GIT/2ship2harkinian/mm/macosx/2s2hIcon.png
  /Users/christopher/GIT/2ship2harkinian/build-cmake/macosx/2s2h.iconset/icon_16x16.png
/Users/christopher/GIT/2ship2harkinian/mm/macosx/2s2hIcon.png
  /Users/christopher/GIT/2ship2harkinian/build-cmake/macosx/2s2h.iconset/icon_16x16@2x.png
/Users/christopher/GIT/2ship2harkinian/mm/macosx/2s2hIcon.png
  /Users/christopher/GIT/2ship2harkinian/build-cmake/macosx/2s2h.iconset/icon_32x32.png
/Users/christopher/GIT/2ship2harkinian/mm/macosx/2s2hIcon.png
  /Users/christopher/GIT/2ship2harkinian/build-cmake/macosx/2s2h.iconset/icon_32x32@2x.png
/Users/christopher/GIT/2ship2harkinian/mm/macosx/2s2hIcon.png
  /Users/christopher/GIT/2ship2harkinian/build-cmake/macosx/2s2h.iconset/icon_128x128.png
/Users/christopher/GIT/2ship2harkinian/mm/macosx/2s2hIcon.png
  /Users/christopher/GIT/2ship2harkinian/build-cmake/macosx/2s2h.iconset/icon_128x128@2x.png
/Users/christopher/GIT/2ship2harkinian/mm/macosx/2s2hIcon.png
  /Users/christopher/GIT/2ship2harkinian/build-cmake/macosx/2s2h.iconset/icon_256x256.png
/Users/christopher/GIT/2ship2harkinian/mm/macosx/2s2hIcon.png
  /Users/christopher/GIT/2ship2harkinian/build-cmake/macosx/2s2h.iconset/icon_256x256@2x.png
/Users/christopher/GIT/2ship2harkinian/mm/macosx/2s2hIcon.png
  /Users/christopher/GIT/2ship2harkinian/build-cmake/macosx/2s2h.iconset/icon_512x512.png
[2/3] Building CXX object mm/CMakeFiles/2ship.dir/2s2h/SaveManager/SaveManager.cpp.o
In file included from /Users/christopher/GIT/2ship2harkinian/mm/2s2h/SaveManager/SaveManager.cpp:1:
In file included from /Users/christopher/GIT/2ship2harkinian/mm/2s2h/SaveManager/SaveManager.h:5:
In file included from /Users/christopher/GIT/2ship2harkinian/mm/../libultraship/include/libultraship/libultraship.h:4:
In file included from /Users/christopher/GIT/2ship2harkinian/mm/../libultraship/include/libultraship/libultra.h:12:
/Users/christopher/GIT/2ship2harkinian/mm/../libultraship/include/libultraship/libultra/os.h:35:9: warning: 'CONT_TYPE_MASK' macro redefined [-Wmacro-redefined]
#define CONT_TYPE_MASK 0x1f07
        ^
/Users/christopher/GIT/2ship2harkinian/mm/../libultraship/include/libultraship/libultra/controller.h:73:9: note: previous definition is here
#define CONT_TYPE_MASK 0x1F07
        ^
In file included from /Users/christopher/GIT/2ship2harkinian/mm/2s2h/SaveManager/SaveManager.cpp:1:
In file included from /Users/christopher/GIT/2ship2harkinian/mm/2s2h/SaveManager/SaveManager.h:5:
In file included from /Users/christopher/GIT/2ship2harkinian/mm/../libultraship/include/libultraship/libultraship.h:10:
In file included from /Users/christopher/GIT/2ship2harkinian/mm/../libultraship/include/libultraship/classes.h:12:
In file included from /Users/christopher/GIT/2ship2harkinian/mm/../libultraship/src/Context.h:9:
In file included from /Users/christopher/GIT/2ship2harkinian/mm/../libultraship/src/config/Config.h:8:
In file included from /Users/christopher/GIT/2ship2harkinian/mm/../libultraship/src/window/Window.h:9:
In file included from /Users/christopher/GIT/2ship2harkinian/mm/../libultraship/src/window/gui/Gui.h:17:
In file included from /Users/christopher/GIT/2ship2harkinian/mm/../libultraship/src/window/gui/InputEditorWindow.h:13:
In file included from /Users/christopher/GIT/2ship2harkinian/mm/../libultraship/src/controller/controldevice/controller/Controller.h:13:
In file included from /Users/christopher/GIT/2ship2harkinian/mm/../libultraship/src/controller/controldevice/controller/ControllerButton.h:8:
/Users/christopher/GIT/2ship2harkinian/mm/../libultraship/src/controller/controldevice/controller/mapping/keyboard/KeyboardScancodes.h:6:1: warning: typedef requires a name [-Wmissing-declarations]
typedef enum KbEventType {
^~~~~~~
/Users/christopher/GIT/2ship2harkinian/mm/../libultraship/src/controller/controldevice/controller/mapping/keyboard/KeyboardScancodes.h:13:1: warning: typedef requires a name [-Wmissing-declarations]
typedef enum KbScancode {
^~~~~~~
In file included from /Users/christopher/GIT/2ship2harkinian/mm/2s2h/SaveManager/SaveManager.cpp:8:
In file included from /Users/christopher/GIT/2ship2harkinian/mm/include/macros.h:5:
/Users/christopher/GIT/2ship2harkinian/mm/include/PR/os_convert.h:7:9: warning: 'OS_CPU_COUNTER' macro redefined [-Wmacro-redefined]
#define OS_CPU_COUNTER          (OS_CLOCK_RATE*3/4)
        ^
/Users/christopher/GIT/2ship2harkinian/mm/../libultraship/include/libultraship/libultra/convert.h:5:9: note: previous definition is here
#define OS_CPU_COUNTER (OS_CLOCK_RATE * 3 / 4)
        ^
In file included from /Users/christopher/GIT/2ship2harkinian/mm/2s2h/SaveManager/SaveManager.cpp:8:
In file included from /Users/christopher/GIT/2ship2harkinian/mm/include/macros.h:5:
/Users/christopher/GIT/2ship2harkinian/mm/include/PR/os_convert.h:10:9: warning: 'OS_NSEC_TO_CYCLES' macro redefined [-Wmacro-redefined]
#define OS_NSEC_TO_CYCLES(n)    (((u64)(n)*(OS_CPU_COUNTER/15625000LL))/(1000000000LL/15625000LL))
        ^
/Users/christopher/GIT/2ship2harkinian/mm/../libultraship/include/libultraship/libultra/convert.h:7:9: note: previous definition is here
#define OS_NSEC_TO_CYCLES(n) (((u64)(n) * (OS_CPU_COUNTER / 15625000LL)) / (1000000000LL / 15625000LL))
        ^
In file included from /Users/christopher/GIT/2ship2harkinian/mm/2s2h/SaveManager/SaveManager.cpp:8:
In file included from /Users/christopher/GIT/2ship2harkinian/mm/include/macros.h:5:
/Users/christopher/GIT/2ship2harkinian/mm/include/PR/os_convert.h:11:9: warning: 'OS_USEC_TO_CYCLES' macro redefined [-Wmacro-redefined]
#define OS_USEC_TO_CYCLES(n)    (((u64)(n)*(OS_CPU_COUNTER/15625LL))/(1000000LL/15625LL))
        ^
/Users/christopher/GIT/2ship2harkinian/mm/../libultraship/include/libultraship/libultra/convert.h:8:9: note: previous definition is here
#define OS_USEC_TO_CYCLES(n) (((u64)(n) * (OS_CPU_COUNTER / 15625LL)) / (1000000LL / 15625LL))
        ^
In file included from /Users/christopher/GIT/2ship2harkinian/mm/2s2h/SaveManager/SaveManager.cpp:8:
In file included from /Users/christopher/GIT/2ship2harkinian/mm/include/macros.h:5:
/Users/christopher/GIT/2ship2harkinian/mm/include/PR/os_convert.h:12:9: warning: 'OS_CYCLES_TO_NSEC' macro redefined [-Wmacro-redefined]
#define OS_CYCLES_TO_NSEC(c)    (((u64)(c)*(1000000000LL/15625000LL))/(OS_CPU_COUNTER/15625000LL))
        ^
/Users/christopher/GIT/2ship2harkinian/mm/../libultraship/include/libultraship/libultra/convert.h:9:9: note: previous definition is here
#define OS_CYCLES_TO_NSEC(c) (((u64)(c) * (1000000000LL / 15625000LL)) / (OS_CPU_COUNTER / 15625000LL))
        ^
In file included from /Users/christopher/GIT/2ship2harkinian/mm/2s2h/SaveManager/SaveManager.cpp:8:
In file included from /Users/christopher/GIT/2ship2harkinian/mm/include/macros.h:5:
/Users/christopher/GIT/2ship2harkinian/mm/include/PR/os_convert.h:13:9: warning: 'OS_CYCLES_TO_USEC' macro redefined [-Wmacro-redefined]
#define OS_CYCLES_TO_USEC(c)    (((u64)(c)*(1000000LL/15625LL))/(OS_CPU_COUNTER/15625LL))
        ^
/Users/christopher/GIT/2ship2harkinian/mm/../libultraship/include/libultraship/libultra/convert.h:10:9: note: previous definition is here
#define OS_CYCLES_TO_USEC(c) (((u64)(c) * (1000000LL / 15625LL)) / (OS_CPU_COUNTER / 15625LL))
        ^
In file included from /Users/christopher/GIT/2ship2harkinian/mm/2s2h/SaveManager/SaveManager.cpp:8:
In file included from /Users/christopher/GIT/2ship2harkinian/mm/include/macros.h:5:
/Users/christopher/GIT/2ship2harkinian/mm/include/PR/os_convert.h:16:9: warning: 'OS_K1_TO_PHYSICAL' macro redefined [-Wmacro-redefined]
#define OS_K1_TO_PHYSICAL(x)    (u32)(((char*)(x)-0xA0000000))
        ^
/Users/christopher/GIT/2ship2harkinian/mm/../libultraship/include/libultraship/libultra/convert.h:13:9: note: previous definition is here
#define OS_K1_TO_PHYSICAL(x) (x)
        ^
In file included from /Users/christopher/GIT/2ship2harkinian/mm/2s2h/SaveManager/SaveManager.cpp:8:
In file included from /Users/christopher/GIT/2ship2harkinian/mm/include/macros.h:5:
/Users/christopher/GIT/2ship2harkinian/mm/include/PR/os_convert.h:18:9: warning: 'OS_PHYSICAL_TO_K0' macro redefined [-Wmacro-redefined]
#define OS_PHYSICAL_TO_K0(x)    (void*)(((u32)(x)+0x80000000))
        ^
/Users/christopher/GIT/2ship2harkinian/mm/../libultraship/include/libultraship/libultra/convert.h:15:9: note: previous definition is here
#define OS_PHYSICAL_TO_K0(x) (x)
        ^
In file included from /Users/christopher/GIT/2ship2harkinian/mm/2s2h/SaveManager/SaveManager.cpp:8:
In file included from /Users/christopher/GIT/2ship2harkinian/mm/include/macros.h:5:
/Users/christopher/GIT/2ship2harkinian/mm/include/PR/os_convert.h:19:9: warning: 'OS_PHYSICAL_TO_K1' macro redefined [-Wmacro-redefined]
#define OS_PHYSICAL_TO_K1(x)    (void*)(((u32)(x)+0xA0000000))
        ^
/Users/christopher/GIT/2ship2harkinian/mm/../libultraship/include/libultraship/libultra/convert.h:16:9: note: previous definition is here
#define OS_PHYSICAL_TO_K1(x) (x)
        ^
In file included from /Users/christopher/GIT/2ship2harkinian/mm/2s2h/SaveManager/SaveManager.cpp:8:
In file included from /Users/christopher/GIT/2ship2harkinian/mm/include/macros.h:6:
In file included from /Users/christopher/GIT/2ship2harkinian/mm/include/main.h:4:
In file included from /Users/christopher/GIT/2ship2harkinian/mm/include/ultra64.h:8:
/Users/christopher/GIT/2ship2harkinian/mm/include/PR/guint.h:19:9: warning: 'ROUND' macro redefined [-Wmacro-redefined]
#define ROUND(x) (s32)(((x) >= 0.0) ? ((x) + 0.5) : ((x) - 0.5))
        ^
/Users/christopher/GIT/2ship2harkinian/mm/../libultraship/include/libultraship/libultra/gu.h:10:9: note: previous definition is here
#define ROUND(x) (s32)(((x) >= 0.0) ? ((x) + 0.5) : ((x)-0.5))
        ^
In file included from /Users/christopher/GIT/2ship2harkinian/mm/2s2h/SaveManager/SaveManager.cpp:8:
In file included from /Users/christopher/GIT/2ship2harkinian/mm/include/macros.h:6:
In file included from /Users/christopher/GIT/2ship2harkinian/mm/include/main.h:4:
In file included from /Users/christopher/GIT/2ship2harkinian/mm/include/ultra64.h:15:
/Users/christopher/GIT/2ship2harkinian/mm/include/PR/rcp.h:49:9: warning: 'AI_DRAM_ADDR_REG' macro redefined [-Wmacro-redefined]
#define AI_DRAM_ADDR_REG    (AI_BASE_REG + 0x00)    /* R0: DRAM address */
        ^
/Users/christopher/GIT/2ship2harkinian/mm/../libultraship/include/libultraship/libultra/rcp.h:8:9: note: previous definition is here
#define AI_DRAM_ADDR_REG 0x04500000
        ^
In file included from /Users/christopher/GIT/2ship2harkinian/mm/2s2h/SaveManager/SaveManager.cpp:8:
In file included from /Users/christopher/GIT/2ship2harkinian/mm/include/macros.h:6:
In file included from /Users/christopher/GIT/2ship2harkinian/mm/include/main.h:4:
In file included from /Users/christopher/GIT/2ship2harkinian/mm/include/ultra64.h:15:
/Users/christopher/GIT/2ship2harkinian/mm/include/PR/rcp.h:53:9: warning: 'AI_LEN_REG' macro redefined [-Wmacro-redefined]
#define AI_LEN_REG          (AI_BASE_REG + 0x04)    /* R1: Length */
        ^
/Users/christopher/GIT/2ship2harkinian/mm/../libultraship/include/libultraship/libultra/rcp.h:9:9: note: previous definition is here
#define AI_LEN_REG 0x04500004
        ^
In file included from /Users/christopher/GIT/2ship2harkinian/mm/2s2h/SaveManager/SaveManager.cpp:8:
In file included from /Users/christopher/GIT/2ship2harkinian/mm/include/macros.h:6:
In file included from /Users/christopher/GIT/2ship2harkinian/mm/include/main.h:4:
In file included from /Users/christopher/GIT/2ship2harkinian/mm/include/ultra64.h:15:
/Users/christopher/GIT/2ship2harkinian/mm/include/PR/rcp.h:56:9: warning: 'AI_CONTROL_REG' macro redefined [-Wmacro-redefined]
#define AI_CONTROL_REG      (AI_BASE_REG + 0x08)    /* R2: DMA Control */
        ^
/Users/christopher/GIT/2ship2harkinian/mm/../libultraship/include/libultraship/libultra/rcp.h:10:9: note: previous definition is here
#define AI_CONTROL_REG 0x04500008
        ^
In file included from /Users/christopher/GIT/2ship2harkinian/mm/2s2h/SaveManager/SaveManager.cpp:8:
In file included from /Users/christopher/GIT/2ship2harkinian/mm/include/macros.h:6:
In file included from /Users/christopher/GIT/2ship2harkinian/mm/include/main.h:4:
In file included from /Users/christopher/GIT/2ship2harkinian/mm/include/ultra64.h:15:
/Users/christopher/GIT/2ship2harkinian/mm/include/PR/rcp.h:59:9: warning: 'AI_CONTROL_DMA_ON' macro redefined [-Wmacro-redefined]
#define AI_CONTROL_DMA_ON   1   /* LSB = 1: DMA enable*/
        ^
/Users/christopher/GIT/2ship2harkinian/mm/../libultraship/include/libultraship/libultra/rcp.h:15:9: note: previous definition is here
#define AI_CONTROL_DMA_ON 0x01
        ^
In file included from /Users/christopher/GIT/2ship2harkinian/mm/2s2h/SaveManager/SaveManager.cpp:8:
In file included from /Users/christopher/GIT/2ship2harkinian/mm/include/macros.h:6:
In file included from /Users/christopher/GIT/2ship2harkinian/mm/include/main.h:4:
In file included from /Users/christopher/GIT/2ship2harkinian/mm/include/ultra64.h:15:
/Users/christopher/GIT/2ship2harkinian/mm/include/PR/rcp.h:60:9: warning: 'AI_CONTROL_DMA_OFF' macro redefined [-Wmacro-redefined]
#define AI_CONTROL_DMA_OFF  0   /* LSB = 1: DMA enable*/
        ^
/Users/christopher/GIT/2ship2harkinian/mm/../libultraship/include/libultraship/libultra/rcp.h:16:9: note: previous definition is here
#define AI_CONTROL_DMA_OFF 0x00
        ^
In file included from /Users/christopher/GIT/2ship2harkinian/mm/2s2h/SaveManager/SaveManager.cpp:8:
In file included from /Users/christopher/GIT/2ship2harkinian/mm/include/macros.h:6:
In file included from /Users/christopher/GIT/2ship2harkinian/mm/include/main.h:4:
In file included from /Users/christopher/GIT/2ship2harkinian/mm/include/ultra64.h:15:
/Users/christopher/GIT/2ship2harkinian/mm/include/PR/rcp.h:67:9: warning: 'AI_STATUS_REG' macro redefined [-Wmacro-redefined]
#define AI_STATUS_REG       (AI_BASE_REG + 0x0C)    /* R3: Status */
        ^
/Users/christopher/GIT/2ship2harkinian/mm/../libultraship/include/libultraship/libultra/rcp.h:11:9: note: previous definition is here
#define AI_STATUS_REG 0x0450000C
        ^
In file included from /Users/christopher/GIT/2ship2harkinian/mm/2s2h/SaveManager/SaveManager.cpp:8:
In file included from /Users/christopher/GIT/2ship2harkinian/mm/include/macros.h:6:
In file included from /Users/christopher/GIT/2ship2harkinian/mm/include/main.h:4:
In file included from /Users/christopher/GIT/2ship2harkinian/mm/include/ultra64.h:15:
/Users/christopher/GIT/2ship2harkinian/mm/include/PR/rcp.h:78:9: warning: 'AI_DACRATE_REG' macro redefined [-Wmacro-redefined]
#define AI_DACRATE_REG      (AI_BASE_REG + 0x10)    /* R4: DAC rate 14-lsb*/
        ^
/Users/christopher/GIT/2ship2harkinian/mm/../libultraship/include/libultraship/libultra/rcp.h:12:9: note: previous definition is here
#define AI_DACRATE_REG 0x04500010
        ^
In file included from /Users/christopher/GIT/2ship2harkinian/mm/2s2h/SaveManager/SaveManager.cpp:8:
In file included from /Users/christopher/GIT/2ship2harkinian/mm/include/macros.h:6:
In file included from /Users/christopher/GIT/2ship2harkinian/mm/include/main.h:4:
In file included from /Users/christopher/GIT/2ship2harkinian/mm/include/ultra64.h:15:
/Users/christopher/GIT/2ship2harkinian/mm/include/PR/rcp.h:91:9: warning: 'AI_BITRATE_REG' macro redefined [-Wmacro-redefined]
#define AI_BITRATE_REG      (AI_BASE_REG + 0x14)    /* R5: Bit rate 4-lsb */
        ^
/Users/christopher/GIT/2ship2harkinian/mm/../libultraship/include/libultraship/libultra/rcp.h:13:9: note: previous definition is here
#define AI_BITRATE_REG 0x04500014
        ^
In file included from /Users/christopher/GIT/2ship2harkinian/mm/2s2h/SaveManager/SaveManager.cpp:8:
In file included from /Users/christopher/GIT/2ship2harkinian/mm/include/macros.h:6:
In file included from /Users/christopher/GIT/2ship2harkinian/mm/include/main.h:4:
In file included from /Users/christopher/GIT/2ship2harkinian/mm/include/ultra64.h:15:
/Users/christopher/GIT/2ship2harkinian/mm/include/PR/rcp.h:130:9: warning: 'SP_CLR_HALT' macro redefined [-Wmacro-redefined]
#define SP_CLR_HALT        (1 <<  0)
        ^
/Users/christopher/GIT/2ship2harkinian/mm/../libultraship/include/libultraship/libultra/rsp.h:24:9: note: previous definition is here
#define SP_CLR_HALT 0x00001
        ^
In file included from /Users/christopher/GIT/2ship2harkinian/mm/2s2h/SaveManager/SaveManager.cpp:8:
In file included from /Users/christopher/GIT/2ship2harkinian/mm/include/macros.h:6:
In file included from /Users/christopher/GIT/2ship2harkinian/mm/include/main.h:4:
In file included from /Users/christopher/GIT/2ship2harkinian/mm/include/ultra64.h:15:
/Users/christopher/GIT/2ship2harkinian/mm/include/PR/rcp.h:131:9: warning: 'SP_SET_HALT' macro redefined [-Wmacro-redefined]
#define SP_SET_HALT        (1 <<  1)
        ^
/Users/christopher/GIT/2ship2harkinian/mm/../libultraship/include/libultraship/libultra/rsp.h:25:9: note: previous definition is here
#define SP_SET_HALT 0x00002
        ^
In file included from /Users/christopher/GIT/2ship2harkinian/mm/2s2h/SaveManager/SaveManager.cpp:8:
In file included from /Users/christopher/GIT/2ship2harkinian/mm/include/macros.h:6:
In file included from /Users/christopher/GIT/2ship2harkinian/mm/include/main.h:4:
In file included from /Users/christopher/GIT/2ship2harkinian/mm/include/ultra64.h:15:
/Users/christopher/GIT/2ship2harkinian/mm/include/PR/rcp.h:132:9: warning: 'SP_CLR_BROKE' macro redefined [-Wmacro-redefined]
#define SP_CLR_BROKE       (1 <<  2)
        ^
/Users/christopher/GIT/2ship2harkinian/mm/../libultraship/include/libultraship/libultra/rsp.h:26:9: note: previous definition is here
#define SP_CLR_BROKE 0x00004
        ^
In file included from /Users/christopher/GIT/2ship2harkinian/mm/2s2h/SaveManager/SaveManager.cpp:8:
In file included from /Users/christopher/GIT/2ship2harkinian/mm/include/macros.h:6:
In file included from /Users/christopher/GIT/2ship2harkinian/mm/include/main.h:4:
In file included from /Users/christopher/GIT/2ship2harkinian/mm/include/ultra64.h:15:
/Users/christopher/GIT/2ship2harkinian/mm/include/PR/rcp.h:133:9: warning: 'SP_CLR_INTR' macro redefined [-Wmacro-redefined]
#define SP_CLR_INTR        (1 <<  3)
        ^
/Users/christopher/GIT/2ship2harkinian/mm/../libultraship/include/libultraship/libultra/rsp.h:27:9: note: previous definition is here
#define SP_CLR_INTR 0x00008
        ^
In file included from /Users/christopher/GIT/2ship2harkinian/mm/2s2h/SaveManager/SaveManager.cpp:8:
In file included from /Users/christopher/GIT/2ship2harkinian/mm/include/macros.h:6:
In file included from /Users/christopher/GIT/2ship2harkinian/mm/include/main.h:4:
In file included from /Users/christopher/GIT/2ship2harkinian/mm/include/ultra64.h:15:
/Users/christopher/GIT/2ship2harkinian/mm/include/PR/rcp.h:134:9: warning: 'SP_SET_INTR' macro redefined [-Wmacro-redefined]
#define SP_SET_INTR        (1 <<  4)
        ^
/Users/christopher/GIT/2ship2harkinian/mm/../libultraship/include/libultraship/libultra/rsp.h:28:9: note: previous definition is here
#define SP_SET_INTR 0x00010
        ^
In file included from /Users/christopher/GIT/2ship2harkinian/mm/2s2h/SaveManager/SaveManager.cpp:8:
In file included from /Users/christopher/GIT/2ship2harkinian/mm/include/macros.h:6:
In file included from /Users/christopher/GIT/2ship2harkinian/mm/include/main.h:4:
In file included from /Users/christopher/GIT/2ship2harkinian/mm/include/ultra64.h:15:
/Users/christopher/GIT/2ship2harkinian/mm/include/PR/rcp.h:135:9: warning: 'SP_CLR_SSTEP' macro redefined [-Wmacro-redefined]
#define SP_CLR_SSTEP       (1 <<  5)
        ^
/Users/christopher/GIT/2ship2harkinian/mm/../libultraship/include/libultraship/libultra/rsp.h:29:9: note: previous definition is here
#define SP_CLR_SSTEP 0x00020
        ^
In file included from /Users/christopher/GIT/2ship2harkinian/mm/2s2h/SaveManager/SaveManager.cpp:8:
In file included from /Users/christopher/GIT/2ship2harkinian/mm/include/macros.h:6:
In file included from /Users/christopher/GIT/2ship2harkinian/mm/include/main.h:4:
In file included from /Users/christopher/GIT/2ship2harkinian/mm/include/ultra64.h:15:
/Users/christopher/GIT/2ship2harkinian/mm/include/PR/rcp.h:136:9: warning: 'SP_SET_SSTEP' macro redefined [-Wmacro-redefined]
#define SP_SET_SSTEP       (1 <<  6)
        ^
/Users/christopher/GIT/2ship2harkinian/mm/../libultraship/include/libultraship/libultra/rsp.h:30:9: note: previous definition is here
#define SP_SET_SSTEP 0x00040
        ^
In file included from /Users/christopher/GIT/2ship2harkinian/mm/2s2h/SaveManager/SaveManager.cpp:8:
In file included from /Users/christopher/GIT/2ship2harkinian/mm/include/macros.h:6:
In file included from /Users/christopher/GIT/2ship2harkinian/mm/include/main.h:4:
In file included from /Users/christopher/GIT/2ship2harkinian/mm/include/ultra64.h:15:
/Users/christopher/GIT/2ship2harkinian/mm/include/PR/rcp.h:137:9: warning: 'SP_CLR_INTR_BREAK' macro redefined [-Wmacro-redefined]
#define SP_CLR_INTR_BREAK  (1 <<  7)
        ^
/Users/christopher/GIT/2ship2harkinian/mm/../libultraship/include/libultraship/libultra/rsp.h:31:9: note: previous definition is here
#define SP_CLR_INTR_BREAK 0x00080
        ^
In file included from /Users/christopher/GIT/2ship2harkinian/mm/2s2h/SaveManager/SaveManager.cpp:8:
In file included from /Users/christopher/GIT/2ship2harkinian/mm/include/macros.h:6:
In file included from /Users/christopher/GIT/2ship2harkinian/mm/include/main.h:4:
In file included from /Users/christopher/GIT/2ship2harkinian/mm/include/ultra64.h:15:
/Users/christopher/GIT/2ship2harkinian/mm/include/PR/rcp.h:138:9: warning: 'SP_SET_INTR_BREAK' macro redefined [-Wmacro-redefined]
#define SP_SET_INTR_BREAK  (1 <<  8)
        ^
/Users/christopher/GIT/2ship2harkinian/mm/../libultraship/include/libultraship/libultra/rsp.h:32:9: note: previous definition is here
#define SP_SET_INTR_BREAK 0x00100
        ^
In file included from /Users/christopher/GIT/2ship2harkinian/mm/2s2h/SaveManager/SaveManager.cpp:8:
In file included from /Users/christopher/GIT/2ship2harkinian/mm/include/macros.h:6:
In file included from /Users/christopher/GIT/2ship2harkinian/mm/include/main.h:4:
In file included from /Users/christopher/GIT/2ship2harkinian/mm/include/ultra64.h:15:
/Users/christopher/GIT/2ship2harkinian/mm/include/PR/rcp.h:139:9: warning: 'SP_CLR_SIG0' macro redefined [-Wmacro-redefined]
#define SP_CLR_SIG0        (1 <<  9)
        ^
/Users/christopher/GIT/2ship2harkinian/mm/../libultraship/include/libultraship/libultra/rsp.h:33:9: note: previous definition is here
#define SP_CLR_SIG0 0x00200
        ^
In file included from /Users/christopher/GIT/2ship2harkinian/mm/2s2h/SaveManager/SaveManager.cpp:8:
In file included from /Users/christopher/GIT/2ship2harkinian/mm/include/macros.h:6:
In file included from /Users/christopher/GIT/2ship2harkinian/mm/include/main.h:4:
In file included from /Users/christopher/GIT/2ship2harkinian/mm/include/ultra64.h:15:
/Users/christopher/GIT/2ship2harkinian/mm/include/PR/rcp.h:140:9: warning: 'SP_SET_SIG0' macro redefined [-Wmacro-redefined]
#define SP_SET_SIG0        (1 << 10)
        ^
/Users/christopher/GIT/2ship2harkinian/mm/../libultraship/include/libultraship/libultra/rsp.h:34:9: note: previous definition is here
#define SP_SET_SIG0 0x00400
        ^
In file included from /Users/christopher/GIT/2ship2harkinian/mm/2s2h/SaveManager/SaveManager.cpp:8:
In file included from /Users/christopher/GIT/2ship2harkinian/mm/include/macros.h:6:
In file included from /Users/christopher/GIT/2ship2harkinian/mm/include/main.h:4:
In file included from /Users/christopher/GIT/2ship2harkinian/mm/include/ultra64.h:15:
/Users/christopher/GIT/2ship2harkinian/mm/include/PR/rcp.h:141:9: warning: 'SP_CLR_SIG1' macro redefined [-Wmacro-redefined]
#define SP_CLR_SIG1        (1 << 11)
        ^
/Users/christopher/GIT/2ship2harkinian/mm/../libultraship/include/libultraship/libultra/rsp.h:35:9: note: previous definition is here
#define SP_CLR_SIG1 0x00800
        ^
In file included from /Users/christopher/GIT/2ship2harkinian/mm/2s2h/SaveManager/SaveManager.cpp:8:
In file included from /Users/christopher/GIT/2ship2harkinian/mm/include/macros.h:6:
In file included from /Users/christopher/GIT/2ship2harkinian/mm/include/main.h:4:
In file included from /Users/christopher/GIT/2ship2harkinian/mm/include/ultra64.h:15:
/Users/christopher/GIT/2ship2harkinian/mm/include/PR/rcp.h:142:9: warning: 'SP_SET_SIG1' macro redefined [-Wmacro-redefined]
#define SP_SET_SIG1        (1 << 12)
        ^
/Users/christopher/GIT/2ship2harkinian/mm/../libultraship/include/libultraship/libultra/rsp.h:36:9: note: previous definition is here
#define SP_SET_SIG1 0x01000
        ^
In file included from /Users/christopher/GIT/2ship2harkinian/mm/2s2h/SaveManager/SaveManager.cpp:8:
In file included from /Users/christopher/GIT/2ship2harkinian/mm/include/macros.h:6:
In file included from /Users/christopher/GIT/2ship2harkinian/mm/include/main.h:4:
In file included from /Users/christopher/GIT/2ship2harkinian/mm/include/ultra64.h:15:
/Users/christopher/GIT/2ship2harkinian/mm/include/PR/rcp.h:143:9: warning: 'SP_CLR_SIG2' macro redefined [-Wmacro-redefined]
#define SP_CLR_SIG2        (1 << 13)
        ^
/Users/christopher/GIT/2ship2harkinian/mm/../libultraship/include/libultraship/libultra/rsp.h:37:9: note: previous definition is here
#define SP_CLR_SIG2 0x02000
        ^
In file included from /Users/christopher/GIT/2ship2harkinian/mm/2s2h/SaveManager/SaveManager.cpp:8:
In file included from /Users/christopher/GIT/2ship2harkinian/mm/include/macros.h:6:
In file included from /Users/christopher/GIT/2ship2harkinian/mm/include/main.h:4:
In file included from /Users/christopher/GIT/2ship2harkinian/mm/include/ultra64.h:15:
/Users/christopher/GIT/2ship2harkinian/mm/include/PR/rcp.h:144:9: warning: 'SP_SET_SIG2' macro redefined [-Wmacro-redefined]
#define SP_SET_SIG2        (1 << 14)
        ^
/Users/christopher/GIT/2ship2harkinian/mm/../libultraship/include/libultraship/libultra/rsp.h:38:9: note: previous definition is here
#define SP_SET_SIG2 0x04000
        ^
In file included from /Users/christopher/GIT/2ship2harkinian/mm/2s2h/SaveManager/SaveManager.cpp:8:
In file included from /Users/christopher/GIT/2ship2harkinian/mm/include/macros.h:6:
In file included from /Users/christopher/GIT/2ship2harkinian/mm/include/main.h:4:
In file included from /Users/christopher/GIT/2ship2harkinian/mm/include/ultra64.h:15:
/Users/christopher/GIT/2ship2harkinian/mm/include/PR/rcp.h:145:9: warning: 'SP_CLR_SIG3' macro redefined [-Wmacro-redefined]
#define SP_CLR_SIG3        (1 << 15)
        ^
/Users/christopher/GIT/2ship2harkinian/mm/../libultraship/include/libultraship/libultra/rsp.h:39:9: note: previous definition is here
#define SP_CLR_SIG3 0x08000
        ^
In file included from /Users/christopher/GIT/2ship2harkinian/mm/2s2h/SaveManager/SaveManager.cpp:8:
In file included from /Users/christopher/GIT/2ship2harkinian/mm/include/macros.h:6:
In file included from /Users/christopher/GIT/2ship2harkinian/mm/include/main.h:4:
In file included from /Users/christopher/GIT/2ship2harkinian/mm/include/ultra64.h:15:
/Users/christopher/GIT/2ship2harkinian/mm/include/PR/rcp.h:146:9: warning: 'SP_SET_SIG3' macro redefined [-Wmacro-redefined]
#define SP_SET_SIG3        (1 << 16)
        ^
/Users/christopher/GIT/2ship2harkinian/mm/../libultraship/include/libultraship/libultra/rsp.h:40:9: note: previous definition is here
#define SP_SET_SIG3 0x10000
        ^
In file included from /Users/christopher/GIT/2ship2harkinian/mm/2s2h/SaveManager/SaveManager.cpp:8:
In file included from /Users/christopher/GIT/2ship2harkinian/mm/include/macros.h:6:
In file included from /Users/christopher/GIT/2ship2harkinian/mm/include/main.h:4:
In file included from /Users/christopher/GIT/2ship2harkinian/mm/include/ultra64.h:15:
/Users/christopher/GIT/2ship2harkinian/mm/include/PR/rcp.h:147:9: warning: 'SP_CLR_SIG4' macro redefined [-Wmacro-redefined]
#define SP_CLR_SIG4        (1 << 17)
        ^
/Users/christopher/GIT/2ship2harkinian/mm/../libultraship/include/libultraship/libultra/rsp.h:41:9: note: previous definition is here
#define SP_CLR_SIG4 0x20000
        ^
In file included from /Users/christopher/GIT/2ship2harkinian/mm/2s2h/SaveManager/SaveManager.cpp:8:
In file included from /Users/christopher/GIT/2ship2harkinian/mm/include/macros.h:6:
In file included from /Users/christopher/GIT/2ship2harkinian/mm/include/main.h:4:
In file included from /Users/christopher/GIT/2ship2harkinian/mm/include/ultra64.h:15:
/Users/christopher/GIT/2ship2harkinian/mm/include/PR/rcp.h:148:9: warning: 'SP_SET_SIG4' macro redefined [-Wmacro-redefined]
#define SP_SET_SIG4        (1 << 18)
        ^
/Users/christopher/GIT/2ship2harkinian/mm/../libultraship/include/libultraship/libultra/rsp.h:42:9: note: previous definition is here
#define SP_SET_SIG4 0x40000
        ^
In file included from /Users/christopher/GIT/2ship2harkinian/mm/2s2h/SaveManager/SaveManager.cpp:8:
In file included from /Users/christopher/GIT/2ship2harkinian/mm/include/macros.h:6:
In file included from /Users/christopher/GIT/2ship2harkinian/mm/include/main.h:4:
In file included from /Users/christopher/GIT/2ship2harkinian/mm/include/ultra64.h:15:
/Users/christopher/GIT/2ship2harkinian/mm/include/PR/rcp.h:149:9: warning: 'SP_CLR_SIG5' macro redefined [-Wmacro-redefined]
#define SP_CLR_SIG5        (1 << 19)
        ^
/Users/christopher/GIT/2ship2harkinian/mm/../libultraship/include/libultraship/libultra/rsp.h:43:9: note: previous definition is here
#define SP_CLR_SIG5 0x80000
        ^
In file included from /Users/christopher/GIT/2ship2harkinian/mm/2s2h/SaveManager/SaveManager.cpp:8:
In file included from /Users/christopher/GIT/2ship2harkinian/mm/include/macros.h:6:
In file included from /Users/christopher/GIT/2ship2harkinian/mm/include/main.h:4:
In file included from /Users/christopher/GIT/2ship2harkinian/mm/include/ultra64.h:15:
/Users/christopher/GIT/2ship2harkinian/mm/include/PR/rcp.h:150:9: warning: 'SP_SET_SIG5' macro redefined [-Wmacro-redefined]
#define SP_SET_SIG5        (1 << 20)
        ^
/Users/christopher/GIT/2ship2harkinian/mm/../libultraship/include/libultraship/libultra/rsp.h:44:9: note: previous definition is here
#define SP_SET_SIG5 0x100000
        ^
In file included from /Users/christopher/GIT/2ship2harkinian/mm/2s2h/SaveManager/SaveManager.cpp:8:
In file included from /Users/christopher/GIT/2ship2harkinian/mm/include/macros.h:6:
In file included from /Users/christopher/GIT/2ship2harkinian/mm/include/main.h:4:
In file included from /Users/christopher/GIT/2ship2harkinian/mm/include/ultra64.h:15:
/Users/christopher/GIT/2ship2harkinian/mm/include/PR/rcp.h:151:9: warning: 'SP_CLR_SIG6' macro redefined [-Wmacro-redefined]
#define SP_CLR_SIG6        (1 << 21)
        ^
/Users/christopher/GIT/2ship2harkinian/mm/../libultraship/include/libultraship/libultra/rsp.h:45:9: note: previous definition is here
#define SP_CLR_SIG6 0x200000
        ^
In file included from /Users/christopher/GIT/2ship2harkinian/mm/2s2h/SaveManager/SaveManager.cpp:8:
In file included from /Users/christopher/GIT/2ship2harkinian/mm/include/macros.h:6:
In file included from /Users/christopher/GIT/2ship2harkinian/mm/include/main.h:4:
In file included from /Users/christopher/GIT/2ship2harkinian/mm/include/ultra64.h:15:
/Users/christopher/GIT/2ship2harkinian/mm/include/PR/rcp.h:152:9: warning: 'SP_SET_SIG6' macro redefined [-Wmacro-redefined]
#define SP_SET_SIG6        (1 << 22)
        ^
/Users/christopher/GIT/2ship2harkinian/mm/../libultraship/include/libultraship/libultra/rsp.h:46:9: note: previous definition is here
#define SP_SET_SIG6 0x400000
        ^
In file included from /Users/christopher/GIT/2ship2harkinian/mm/2s2h/SaveManager/SaveManager.cpp:8:
In file included from /Users/christopher/GIT/2ship2harkinian/mm/include/macros.h:6:
In file included from /Users/christopher/GIT/2ship2harkinian/mm/include/main.h:4:
In file included from /Users/christopher/GIT/2ship2harkinian/mm/include/ultra64.h:15:
/Users/christopher/GIT/2ship2harkinian/mm/include/PR/rcp.h:153:9: warning: 'SP_CLR_SIG7' macro redefined [-Wmacro-redefined]
#define SP_CLR_SIG7        (1 << 23)
        ^
/Users/christopher/GIT/2ship2harkinian/mm/../libultraship/include/libultraship/libultra/rsp.h:47:9: note: previous definition is here
#define SP_CLR_SIG7 0x800000
        ^
In file included from /Users/christopher/GIT/2ship2harkinian/mm/2s2h/SaveManager/SaveManager.cpp:8:
In file included from /Users/christopher/GIT/2ship2harkinian/mm/include/macros.h:6:
In file included from /Users/christopher/GIT/2ship2harkinian/mm/include/main.h:4:
In file included from /Users/christopher/GIT/2ship2harkinian/mm/include/ultra64.h:15:
/Users/christopher/GIT/2ship2harkinian/mm/include/PR/rcp.h:154:9: warning: 'SP_SET_SIG7' macro redefined [-Wmacro-redefined]
#define SP_SET_SIG7        (1 << 24)
        ^
/Users/christopher/GIT/2ship2harkinian/mm/../libultraship/include/libultraship/libultra/rsp.h:48:9: note: previous definition is here
#define SP_SET_SIG7 0x1000000
        ^
In file included from /Users/christopher/GIT/2ship2harkinian/mm/2s2h/SaveManager/SaveManager.cpp:8:
In file included from /Users/christopher/GIT/2ship2harkinian/mm/include/macros.h:6:
In file included from /Users/christopher/GIT/2ship2harkinian/mm/include/main.h:4:
In file included from /Users/christopher/GIT/2ship2harkinian/mm/include/ultra64.h:15:
/Users/christopher/GIT/2ship2harkinian/mm/include/PR/rcp.h:159:9: warning: 'SP_STATUS_HALT' macro redefined [-Wmacro-redefined]
#define SP_STATUS_HALT          (1 <<  0)
        ^
/Users/christopher/GIT/2ship2harkinian/mm/../libultraship/include/libultraship/libultra/rsp.h:5:9: note: previous definition is here
#define SP_STATUS_HALT 0x001
        ^
In file included from /Users/christopher/GIT/2ship2harkinian/mm/2s2h/SaveManager/SaveManager.cpp:8:
In file included from /Users/christopher/GIT/2ship2harkinian/mm/include/macros.h:6:
In file included from /Users/christopher/GIT/2ship2harkinian/mm/include/main.h:4:
In file included from /Users/christopher/GIT/2ship2harkinian/mm/include/ultra64.h:15:
/Users/christopher/GIT/2ship2harkinian/mm/include/PR/rcp.h:160:9: warning: 'SP_STATUS_BROKE' macro redefined [-Wmacro-redefined]
#define SP_STATUS_BROKE         (1 <<  1)
        ^
/Users/christopher/GIT/2ship2harkinian/mm/../libultraship/include/libultraship/libultra/rsp.h:6:9: note: previous definition is here
#define SP_STATUS_BROKE 0x002
        ^
In file included from /Users/christopher/GIT/2ship2harkinian/mm/2s2h/SaveManager/SaveManager.cpp:8:
In file included from /Users/christopher/GIT/2ship2harkinian/mm/include/macros.h:6:
In file included from /Users/christopher/GIT/2ship2harkinian/mm/include/main.h:4:
In file included from /Users/christopher/GIT/2ship2harkinian/mm/include/ultra64.h:15:
/Users/christopher/GIT/2ship2harkinian/mm/include/PR/rcp.h:161:9: warning: 'SP_STATUS_DMA_BUSY' macro redefined [-Wmacro-redefined]
#define SP_STATUS_DMA_BUSY      (1 <<  2)
        ^
/Users/christopher/GIT/2ship2harkinian/mm/../libultraship/include/libultraship/libultra/rsp.h:7:9: note: previous definition is here
#define SP_STATUS_DMA_BUSY 0x004
        ^
In file included from /Users/christopher/GIT/2ship2harkinian/mm/2s2h/SaveManager/SaveManager.cpp:8:
In file included from /Users/christopher/GIT/2ship2harkinian/mm/include/macros.h:6:
In file included from /Users/christopher/GIT/2ship2harkinian/mm/include/main.h:4:
In file included from /Users/christopher/GIT/2ship2harkinian/mm/include/ultra64.h:15:
/Users/christopher/GIT/2ship2harkinian/mm/include/PR/rcp.h:162:9: warning: 'SP_STATUS_DMA_FULL' macro redefined [-Wmacro-redefined]
#define SP_STATUS_DMA_FULL      (1 <<  3)
        ^
/Users/christopher/GIT/2ship2harkinian/mm/../libultraship/include/libultraship/libultra/rsp.h:8:9: note: previous definition is here
#define SP_STATUS_DMA_FULL 0x008
        ^
In file included from /Users/christopher/GIT/2ship2harkinian/mm/2s2h/SaveManager/SaveManager.cpp:8:
In file included from /Users/christopher/GIT/2ship2harkinian/mm/include/macros.h:6:
In file included from /Users/christopher/GIT/2ship2harkinian/mm/include/main.h:4:
In file included from /Users/christopher/GIT/2ship2harkinian/mm/include/ultra64.h:15:
/Users/christopher/GIT/2ship2harkinian/mm/include/PR/rcp.h:163:9: warning: 'SP_STATUS_IO_FULL' macro redefined [-Wmacro-redefined]
#define SP_STATUS_IO_FULL       (1 <<  4)
        ^
/Users/christopher/GIT/2ship2harkinian/mm/../libultraship/include/libultraship/libultra/rsp.h:9:9: note: previous definition is here
#define SP_STATUS_IO_FULL 0x010
        ^
In file included from /Users/christopher/GIT/2ship2harkinian/mm/2s2h/SaveManager/SaveManager.cpp:8:
In file included from /Users/christopher/GIT/2ship2harkinian/mm/include/macros.h:6:
In file included from /Users/christopher/GIT/2ship2harkinian/mm/include/main.h:4:
In file included from /Users/christopher/GIT/2ship2harkinian/mm/include/ultra64.h:15:
/Users/christopher/GIT/2ship2harkinian/mm/include/PR/rcp.h:164:9: warning: 'SP_STATUS_SSTEP' macro redefined [-Wmacro-redefined]
#define SP_STATUS_SSTEP         (1 <<  5)
        ^
/Users/christopher/GIT/2ship2harkinian/mm/../libultraship/include/libultraship/libultra/rsp.h:10:9: note: previous definition is here
#define SP_STATUS_SSTEP 0x020
        ^
In file included from /Users/christopher/GIT/2ship2harkinian/mm/2s2h/SaveManager/SaveManager.cpp:8:
In file included from /Users/christopher/GIT/2ship2harkinian/mm/include/macros.h:6:
In file included from /Users/christopher/GIT/2ship2harkinian/mm/include/main.h:4:
In file included from /Users/christopher/GIT/2ship2harkinian/mm/include/ultra64.h:15:
/Users/christopher/GIT/2ship2harkinian/mm/include/PR/rcp.h:165:9: warning: 'SP_STATUS_INTR_BREAK' macro redefined [-Wmacro-redefined]
#define SP_STATUS_INTR_BREAK    (1 <<  6)
        ^
/Users/christopher/GIT/2ship2harkinian/mm/../libultraship/include/libultraship/libultra/rsp.h:11:9: note: previous definition is here
#define SP_STATUS_INTR_BREAK 0x040
        ^
In file included from /Users/christopher/GIT/2ship2harkinian/mm/2s2h/SaveManager/SaveManager.cpp:8:
In file included from /Users/christopher/GIT/2ship2harkinian/mm/include/macros.h:6:
In file included from /Users/christopher/GIT/2ship2harkinian/mm/include/main.h:4:
In file included from /Users/christopher/GIT/2ship2harkinian/mm/include/ultra64.h:15:
/Users/christopher/GIT/2ship2harkinian/mm/include/PR/rcp.h:169:9: warning: 'SP_STATUS_SIG3' macro redefined [-Wmacro-redefined]
#define SP_STATUS_SIG3          (1 << 10)
        ^
/Users/christopher/GIT/2ship2harkinian/mm/../libultraship/include/libultraship/libultra/rsp.h:18:9: note: previous definition is here
#define SP_STATUS_SIG3 0x400
        ^
In file included from /Users/christopher/GIT/2ship2harkinian/mm/2s2h/SaveManager/SaveManager.cpp:8:
In file included from /Users/christopher/GIT/2ship2harkinian/mm/include/macros.h:6:
In file included from /Users/christopher/GIT/2ship2harkinian/mm/include/main.h:4:
In file included from /Users/christopher/GIT/2ship2harkinian/mm/include/ultra64.h:15:
/Users/christopher/GIT/2ship2harkinian/mm/include/PR/rcp.h:170:9: warning: 'SP_STATUS_SIG4' macro redefined [-Wmacro-redefined]
#define SP_STATUS_SIG4          (1 << 11)
        ^
/Users/christopher/GIT/2ship2harkinian/mm/../libultraship/include/libultraship/libultra/rsp.h:19:9: note: previous definition is here
#define SP_STATUS_SIG4 0x800
        ^
In file included from /Users/christopher/GIT/2ship2harkinian/mm/2s2h/SaveManager/SaveManager.cpp:8:
In file included from /Users/christopher/GIT/2ship2harkinian/mm/include/macros.h:6:
In file included from /Users/christopher/GIT/2ship2harkinian/mm/include/main.h:4:
In file included from /Users/christopher/GIT/2ship2harkinian/mm/include/ultra64.h:15:
/Users/christopher/GIT/2ship2harkinian/mm/include/PR/rcp.h:171:9: warning: 'SP_STATUS_SIG5' macro redefined [-Wmacro-redefined]
#define SP_STATUS_SIG5          (1 << 12)
        ^
/Users/christopher/GIT/2ship2harkinian/mm/../libultraship/include/libultraship/libultra/rsp.h:20:9: note: previous definition is here
#define SP_STATUS_SIG5 0x1000
        ^
In file included from /Users/christopher/GIT/2ship2harkinian/mm/2s2h/SaveManager/SaveManager.cpp:8:
In file included from /Users/christopher/GIT/2ship2harkinian/mm/include/macros.h:6:
In file included from /Users/christopher/GIT/2ship2harkinian/mm/include/main.h:4:
In file included from /Users/christopher/GIT/2ship2harkinian/mm/include/ultra64.h:15:
/Users/christopher/GIT/2ship2harkinian/mm/include/PR/rcp.h:172:9: warning: 'SP_STATUS_SIG6' macro redefined [-Wmacro-redefined]
#define SP_STATUS_SIG6          (1 << 13)
        ^
/Users/christopher/GIT/2ship2harkinian/mm/../libultraship/include/libultraship/libultra/rsp.h:21:9: note: previous definition is here
#define SP_STATUS_SIG6 0x2000
        ^
In file included from /Users/christopher/GIT/2ship2harkinian/mm/2s2h/SaveManager/SaveManager.cpp:8:
In file included from /Users/christopher/GIT/2ship2harkinian/mm/include/macros.h:6:
In file included from /Users/christopher/GIT/2ship2harkinian/mm/include/main.h:4:
In file included from /Users/christopher/GIT/2ship2harkinian/mm/include/ultra64.h:15:
/Users/christopher/GIT/2ship2harkinian/mm/include/PR/rcp.h:173:9: warning: 'SP_STATUS_SIG7' macro redefined [-Wmacro-redefined]
#define SP_STATUS_SIG7          (1 << 14)
        ^
/Users/christopher/GIT/2ship2harkinian/mm/../libultraship/include/libultraship/libultra/rsp.h:22:9: note: previous definition is here
#define SP_STATUS_SIG7 0x4000
        ^
In file included from /Users/christopher/GIT/2ship2harkinian/mm/2s2h/SaveManager/SaveManager.cpp:8:
In file included from /Users/christopher/GIT/2ship2harkinian/mm/include/macros.h:6:
In file included from /Users/christopher/GIT/2ship2harkinian/mm/include/main.h:4:
In file included from /Users/christopher/GIT/2ship2harkinian/mm/include/ultra64.h:15:
/Users/christopher/GIT/2ship2harkinian/mm/include/PR/rcp.h:180:9: warning: 'SP_STATUS_YIELD' macro redefined [-Wmacro-redefined]
#define SP_STATUS_YIELD         SP_STATUS_SIG0
        ^
/Users/christopher/GIT/2ship2harkinian/mm/../libultraship/include/libultraship/libultra/rsp.h:12:9: note: previous definition is here
#define SP_STATUS_YIELD 0x080
        ^
In file included from /Users/christopher/GIT/2ship2harkinian/mm/2s2h/SaveManager/SaveManager.cpp:8:
In file included from /Users/christopher/GIT/2ship2harkinian/mm/include/macros.h:6:
In file included from /Users/christopher/GIT/2ship2harkinian/mm/include/main.h:4:
In file included from /Users/christopher/GIT/2ship2harkinian/mm/include/ultra64.h:15:
/Users/christopher/GIT/2ship2harkinian/mm/include/PR/rcp.h:183:9: warning: 'SP_STATUS_YIELDED' macro redefined [-Wmacro-redefined]
#define SP_STATUS_YIELDED       SP_STATUS_SIG1
        ^
/Users/christopher/GIT/2ship2harkinian/mm/../libultraship/include/libultraship/libultra/rsp.h:13:9: note: previous definition is here
#define SP_STATUS_YIELDED 0x100
        ^
In file included from /Users/christopher/GIT/2ship2harkinian/mm/2s2h/SaveManager/SaveManager.cpp:8:
In file included from /Users/christopher/GIT/2ship2harkinian/mm/include/macros.h:6:
In file included from /Users/christopher/GIT/2ship2harkinian/mm/include/main.h:4:
In file included from /Users/christopher/GIT/2ship2harkinian/mm/include/ultra64.h:15:
/Users/christopher/GIT/2ship2harkinian/mm/include/PR/rcp.h:186:9: warning: 'SP_STATUS_TASKDONE' macro redefined [-Wmacro-redefined]
#define SP_STATUS_TASKDONE      SP_STATUS_SIG2
        ^
/Users/christopher/GIT/2ship2harkinian/mm/../libultraship/include/libultraship/libultra/rsp.h:14:9: note: previous definition is here
#define SP_STATUS_TASKDONE 0x200
        ^
In file included from /Users/christopher/GIT/2ship2harkinian/mm/2s2h/SaveManager/SaveManager.cpp:8:
In file included from /Users/christopher/GIT/2ship2harkinian/mm/include/macros.h:6:
In file included from /Users/christopher/GIT/2ship2harkinian/mm/include/main.h:4:
In file included from /Users/christopher/GIT/2ship2harkinian/mm/include/ultra64.h:15:
/Users/christopher/GIT/2ship2harkinian/mm/include/PR/rcp.h:195:9: warning: 'VI_CONTROL_REG' macro redefined [-Wmacro-redefined]
#define VI_CONTROL_REG         0x04400000
        ^
/Users/christopher/GIT/2ship2harkinian/mm/../libultraship/include/libultraship/libultra/rcp.h:22:9: note: previous definition is here
#define VI_CONTROL_REG VI_STATUS_REG
        ^
In file included from /Users/christopher/GIT/2ship2harkinian/mm/2s2h/SaveManager/SaveManager.cpp:8:
In file included from /Users/christopher/GIT/2ship2harkinian/mm/include/macros.h:6:
In file included from /Users/christopher/GIT/2ship2harkinian/mm/include/main.h:4:
In file included from /Users/christopher/GIT/2ship2harkinian/mm/include/ultra64.h:15:
/Users/christopher/GIT/2ship2harkinian/mm/include/PR/rcp.h:197:9: warning: 'VI_DRAM_ADDR_REG' macro redefined [-Wmacro-redefined]
#define VI_DRAM_ADDR_REG       0x04400004
        ^
/Users/christopher/GIT/2ship2harkinian/mm/../libultraship/include/libultraship/libultra/rcp.h:24:9: note: previous definition is here
#define VI_DRAM_ADDR_REG VI_ORIGIN_REG
        ^
In file included from /Users/christopher/GIT/2ship2harkinian/mm/2s2h/SaveManager/SaveManager.cpp:8:
In file included from /Users/christopher/GIT/2ship2harkinian/mm/include/macros.h:6:
In file included from /Users/christopher/GIT/2ship2harkinian/mm/include/main.h:4:
In file included from /Users/christopher/GIT/2ship2harkinian/mm/include/ultra64.h:15:
/Users/christopher/GIT/2ship2harkinian/mm/include/PR/rcp.h:199:9: warning: 'VI_H_WIDTH_REG' macro redefined [-Wmacro-redefined]
#define VI_H_WIDTH_REG         0x04400008
        ^
/Users/christopher/GIT/2ship2harkinian/mm/../libultraship/include/libultraship/libultra/rcp.h:26:9: note: previous definition is here
#define VI_H_WIDTH_REG VI_WIDTH_REG
        ^
In file included from /Users/christopher/GIT/2ship2harkinian/mm/2s2h/SaveManager/SaveManager.cpp:8:
In file included from /Users/christopher/GIT/2ship2harkinian/mm/include/macros.h:6:
In file included from /Users/christopher/GIT/2ship2harkinian/mm/include/main.h:4:
In file included from /Users/christopher/GIT/2ship2harkinian/mm/include/ultra64.h:15:
/Users/christopher/GIT/2ship2harkinian/mm/include/PR/rcp.h:201:9: warning: 'VI_V_INTER_REG' macro redefined [-Wmacro-redefined]
#define VI_V_INTER_REG         0x0440000C
        ^
/Users/christopher/GIT/2ship2harkinian/mm/../libultraship/include/libultraship/libultra/rcp.h:28:9: note: previous definition is here
#define VI_V_INTER_REG VI_H_WIDTH_REG
        ^
In file included from /Users/christopher/GIT/2ship2harkinian/mm/2s2h/SaveManager/SaveManager.cpp:8:
In file included from /Users/christopher/GIT/2ship2harkinian/mm/include/macros.h:6:
In file included from /Users/christopher/GIT/2ship2harkinian/mm/include/main.h:4:
In file included from /Users/christopher/GIT/2ship2harkinian/mm/include/ultra64.h:15:
/Users/christopher/GIT/2ship2harkinian/mm/include/PR/rcp.h:203:9: warning: 'VI_V_CURRENT_LINE_REG' macro redefined [-Wmacro-redefined]
#define VI_V_CURRENT_LINE_REG  0x04400010
        ^
/Users/christopher/GIT/2ship2harkinian/mm/../libultraship/include/libultraship/libultra/rcp.h:30:9: note: previous definition is here
#define VI_V_CURRENT_LINE_REG VI_CURRENT_REG
        ^
In file included from /Users/christopher/GIT/2ship2harkinian/mm/2s2h/SaveManager/SaveManager.cpp:8:
In file included from /Users/christopher/GIT/2ship2harkinian/mm/include/macros.h:6:
In file included from /Users/christopher/GIT/2ship2harkinian/mm/include/main.h:4:
In file included from /Users/christopher/GIT/2ship2harkinian/mm/include/ultra64.h:15:
/Users/christopher/GIT/2ship2harkinian/mm/include/PR/rcp.h:205:9: warning: 'VI_TIMING_REG' macro redefined [-Wmacro-redefined]
#define VI_TIMING_REG          0x04400014
        ^
/Users/christopher/GIT/2ship2harkinian/mm/../libultraship/include/libultraship/libultra/rcp.h:32:9: note: previous definition is here
#define VI_TIMING_REG VI_BURST_REG
        ^
In file included from /Users/christopher/GIT/2ship2harkinian/mm/2s2h/SaveManager/SaveManager.cpp:8:
In file included from /Users/christopher/GIT/2ship2harkinian/mm/include/macros.h:6:
In file included from /Users/christopher/GIT/2ship2harkinian/mm/include/main.h:4:
In file included from /Users/christopher/GIT/2ship2harkinian/mm/include/ultra64.h:15:
/Users/christopher/GIT/2ship2harkinian/mm/include/PR/rcp.h:209:9: warning: 'VI_H_SYNC_LEAP_REG' macro redefined [-Wmacro-redefined]
#define VI_H_SYNC_LEAP_REG     0x04400020
        ^
/Users/christopher/GIT/2ship2harkinian/mm/../libultraship/include/libultraship/libultra/rcp.h:36:9: note: previous definition is here
#define VI_H_SYNC_LEAP_REG VI_LEAP_REG
        ^
In file included from /Users/christopher/GIT/2ship2harkinian/mm/2s2h/SaveManager/SaveManager.cpp:8:
In file included from /Users/christopher/GIT/2ship2harkinian/mm/include/macros.h:6:
In file included from /Users/christopher/GIT/2ship2harkinian/mm/include/main.h:4:
In file included from /Users/christopher/GIT/2ship2harkinian/mm/include/ultra64.h:15:
/Users/christopher/GIT/2ship2harkinian/mm/include/PR/rcp.h:211:9: warning: 'VI_H_VIDEO_REG' macro redefined [-Wmacro-redefined]
#define VI_H_VIDEO_REG         0x04400024
        ^
/Users/christopher/GIT/2ship2harkinian/mm/../libultraship/include/libultraship/libultra/rcp.h:38:9: note: previous definition is here
#define VI_H_VIDEO_REG VI_H_START_REG
        ^
In file included from /Users/christopher/GIT/2ship2harkinian/mm/2s2h/SaveManager/SaveManager.cpp:8:
In file included from /Users/christopher/GIT/2ship2harkinian/mm/include/macros.h:6:
In file included from /Users/christopher/GIT/2ship2harkinian/mm/include/main.h:4:
In file included from /Users/christopher/GIT/2ship2harkinian/mm/include/ultra64.h:15:
/Users/christopher/GIT/2ship2harkinian/mm/include/PR/rcp.h:213:9: warning: 'VI_V_VIDEO_REG' macro redefined [-Wmacro-redefined]
#define VI_V_VIDEO_REG         0x04400028
        ^
/Users/christopher/GIT/2ship2harkinian/mm/../libultraship/include/libultraship/libultra/rcp.h:40:9: note: previous definition is here
#define VI_V_VIDEO_REG VI_V_START_REG
        ^
In file included from /Users/christopher/GIT/2ship2harkinian/mm/2s2h/SaveManager/SaveManager.cpp:8:
In file included from /Users/christopher/GIT/2ship2harkinian/mm/include/macros.h:6:
In file included from /Users/christopher/GIT/2ship2harkinian/mm/include/main.h:4:
In file included from /Users/christopher/GIT/2ship2harkinian/mm/include/ultra64.h:15:
/Users/christopher/GIT/2ship2harkinian/mm/include/PR/rcp.h:236:9: warning: 'PI_STATUS_ERROR' macro redefined [-Wmacro-redefined]
#define PI_STATUS_ERROR    (1 << 2)
        ^
/Users/christopher/GIT/2ship2harkinian/mm/../libultraship/include/libultraship/libultra/rcp.h:73:9: note: previous definition is here
#define PI_STATUS_ERROR 0x4
        ^
In file included from /Users/christopher/GIT/2ship2harkinian/mm/2s2h/SaveManager/SaveManager.cpp:8:
In file included from /Users/christopher/GIT/2ship2harkinian/mm/include/macros.h:6:
In file included from /Users/christopher/GIT/2ship2harkinian/mm/include/main.h:4:
In file included from /Users/christopher/GIT/2ship2harkinian/mm/include/ultra64.h:15:
/Users/christopher/GIT/2ship2harkinian/mm/include/PR/rcp.h:260:9: warning: 'SI_DRAM_ADDR_REG' macro redefined [-Wmacro-redefined]
#define SI_DRAM_ADDR_REG        (SI_BASE_REG + 0x00)
        ^
/Users/christopher/GIT/2ship2harkinian/mm/../libultraship/include/libultraship/libultra/rcp.h:78:9: note: previous definition is here
#define SI_DRAM_ADDR_REG 0x04800000
        ^
In file included from /Users/christopher/GIT/2ship2harkinian/mm/2s2h/SaveManager/SaveManager.cpp:8:
In file included from /Users/christopher/GIT/2ship2harkinian/mm/include/macros.h:6:
In file included from /Users/christopher/GIT/2ship2harkinian/mm/include/main.h:4:
In file included from /Users/christopher/GIT/2ship2harkinian/mm/include/ultra64.h:15:
/Users/christopher/GIT/2ship2harkinian/mm/include/PR/rcp.h:261:9: warning: 'SI_PIF_ADDR_RD64B_REG' macro redefined [-Wmacro-redefined]
#define SI_PIF_ADDR_RD64B_REG   (SI_BASE_REG + 0x04)
        ^
/Users/christopher/GIT/2ship2harkinian/mm/../libultraship/include/libultraship/libultra/rcp.h:79:9: note: previous definition is here
#define SI_PIF_ADDR_RD64B_REG 0x04800004
        ^
In file included from /Users/christopher/GIT/2ship2harkinian/mm/2s2h/SaveManager/SaveManager.cpp:8:
In file included from /Users/christopher/GIT/2ship2harkinian/mm/include/macros.h:6:
In file included from /Users/christopher/GIT/2ship2harkinian/mm/include/main.h:4:
In file included from /Users/christopher/GIT/2ship2harkinian/mm/include/ultra64.h:15:
/Users/christopher/GIT/2ship2harkinian/mm/include/PR/rcp.h:262:9: warning: 'SI_PIF_ADDR_WR64B_REG' macro redefined [-Wmacro-redefined]
#define SI_PIF_ADDR_WR64B_REG   (SI_BASE_REG + 0x10)
        ^
/Users/christopher/GIT/2ship2harkinian/mm/../libultraship/include/libultraship/libultra/rcp.h:80:9: note: previous definition is here
#define SI_PIF_ADDR_WR64B_REG 0x04800010
        ^
In file included from /Users/christopher/GIT/2ship2harkinian/mm/2s2h/SaveManager/SaveManager.cpp:8:
In file included from /Users/christopher/GIT/2ship2harkinian/mm/include/macros.h:6:
In file included from /Users/christopher/GIT/2ship2harkinian/mm/include/main.h:4:
In file included from /Users/christopher/GIT/2ship2harkinian/mm/include/ultra64.h:15:
/Users/christopher/GIT/2ship2harkinian/mm/include/PR/rcp.h:263:9: warning: 'SI_STATUS_REG' macro redefined [-Wmacro-redefined]
#define SI_STATUS_REG           (SI_BASE_REG + 0x18)
        ^
/Users/christopher/GIT/2ship2harkinian/mm/../libultraship/include/libultraship/libultra/rcp.h:81:9: note: previous definition is here
#define SI_STATUS_REG 0x04800018
        ^
In file included from /Users/christopher/GIT/2ship2harkinian/mm/2s2h/SaveManager/SaveManager.cpp:8:
In file included from /Users/christopher/GIT/2ship2harkinian/mm/include/macros.h:6:
In file included from /Users/christopher/GIT/2ship2harkinian/mm/include/main.h:4:
In file included from /Users/christopher/GIT/2ship2harkinian/mm/include/ultra64.h:15:
/Users/christopher/GIT/2ship2harkinian/mm/include/PR/rcp.h:265:9: warning: 'SI_STATUS_DMA_BUSY' macro redefined [-Wmacro-redefined]
#define SI_STATUS_DMA_BUSY      (1 << 0)
        ^
/Users/christopher/GIT/2ship2harkinian/mm/../libultraship/include/libultraship/libultra/rcp.h:83:9: note: previous definition is here
#define SI_STATUS_DMA_BUSY 0x1
        ^
In file included from /Users/christopher/GIT/2ship2harkinian/mm/2s2h/SaveManager/SaveManager.cpp:8:
In file included from /Users/christopher/GIT/2ship2harkinian/mm/include/macros.h:6:
In file included from /Users/christopher/GIT/2ship2harkinian/mm/include/main.h:4:
In file included from /Users/christopher/GIT/2ship2harkinian/mm/include/ultra64.h:15:
/Users/christopher/GIT/2ship2harkinian/mm/include/PR/rcp.h:266:9: warning: 'SI_STATUS_IO_READ_BUSY' macro redefined [-Wmacro-redefined]
#define SI_STATUS_IO_READ_BUSY  (1 << 1)
        ^
/Users/christopher/GIT/2ship2harkinian/mm/../libultraship/include/libultraship/libultra/rcp.h:84:9: note: previous definition is here
#define SI_STATUS_IO_READ_BUSY 0x2
        ^
In file included from /Users/christopher/GIT/2ship2harkinian/mm/2s2h/SaveManager/SaveManager.cpp:8:
In file included from /Users/christopher/GIT/2ship2harkinian/mm/include/macros.h:6:
In file included from /Users/christopher/GIT/2ship2harkinian/mm/include/main.h:4:
In file included from /Users/christopher/GIT/2ship2harkinian/mm/include/ultra64.h:15:
/Users/christopher/GIT/2ship2harkinian/mm/include/PR/rcp.h:267:9: warning: 'SI_STATUS_DMA_ERROR' macro redefined [-Wmacro-redefined]
#define SI_STATUS_DMA_ERROR     (1 << 3)
        ^
/Users/christopher/GIT/2ship2harkinian/mm/../libultraship/include/libultraship/libultra/rcp.h:85:9: note: previous definition is here
#define SI_STATUS_DMA_ERROR 0x8
        ^
In file included from /Users/christopher/GIT/2ship2harkinian/mm/2s2h/SaveManager/SaveManager.cpp:8:
In file included from /Users/christopher/GIT/2ship2harkinian/mm/include/macros.h:6:
In file included from /Users/christopher/GIT/2ship2harkinian/mm/include/main.h:4:
In file included from /Users/christopher/GIT/2ship2harkinian/mm/include/ultra64.h:15:
/Users/christopher/GIT/2ship2harkinian/mm/include/PR/rcp.h:271:9: warning: 'IO_WRITE' macro redefined [-Wmacro-redefined]
#define IO_WRITE(addr,data) (*(vu32*)PHYS_TO_K1(addr)=(u32)(data))
        ^
/Users/christopher/GIT/2ship2harkinian/mm/../libultraship/include/libultraship/libultra/rcp.h:6:9: note: previous definition is here
#define IO_WRITE(addr, data) (*(vu32*)PHYS_TO_K1(addr) = (u32)(data))
        ^
In file included from /Users/christopher/GIT/2ship2harkinian/mm/2s2h/SaveManager/SaveManager.cpp:9:
In file included from /Users/christopher/GIT/2ship2harkinian/mm/2s2h/BenJsonConversions.hpp:4:
In file included from /Users/christopher/GIT/2ship2harkinian/mm/include/z64.h:7:
/Users/christopher/GIT/2ship2harkinian/mm/include/libc/math.h:4:9: warning: 'M_PI' macro redefined [-Wmacro-redefined]
#define M_PI 3.14159265358979323846f
        ^
/Applications/Xcode.app/Contents/Developer/Platforms/MacOSX.platform/Developer/SDKs/MacOSX14.2.sdk/usr/include/math.h:695:9: note: previous definition is here
#define M_PI        3.14159265358979323846264338327950288   /* pi             */
        ^
In file included from /Users/christopher/GIT/2ship2harkinian/mm/2s2h/SaveManager/SaveManager.cpp:9:
In file included from /Users/christopher/GIT/2ship2harkinian/mm/2s2h/BenJsonConversions.hpp:4:
In file included from /Users/christopher/GIT/2ship2harkinian/mm/include/z64.h:7:
/Users/christopher/GIT/2ship2harkinian/mm/include/libc/math.h:5:9: warning: 'M_SQRT2' macro redefined [-Wmacro-redefined]
#define M_SQRT2 1.41421356237309504880f
        ^
/Applications/Xcode.app/Contents/Developer/Platforms/MacOSX.platform/Developer/SDKs/MacOSX14.2.sdk/usr/include/math.h:701:9: note: previous definition is here
#define M_SQRT2     1.41421356237309504880168872420969808   /* sqrt(2)        */
        ^
In file included from /Users/christopher/GIT/2ship2harkinian/mm/2s2h/SaveManager/SaveManager.cpp:9:
In file included from /Users/christopher/GIT/2ship2harkinian/mm/2s2h/BenJsonConversions.hpp:4:
In file included from /Users/christopher/GIT/2ship2harkinian/mm/include/z64.h:7:
/Users/christopher/GIT/2ship2harkinian/mm/include/libc/math.h:6:9: warning: 'M_SQRT1_2' macro redefined [-Wmacro-redefined]
#define M_SQRT1_2 0.70710678118654752440f /* 1/sqrt(2) */
        ^
/Applications/Xcode.app/Contents/Developer/Platforms/MacOSX.platform/Developer/SDKs/MacOSX14.2.sdk/usr/include/math.h:702:9: note: previous definition is here
#define M_SQRT1_2   0.707106781186547524400844362104849039  /* 1/sqrt(2)      */
        ^
In file included from /Users/christopher/GIT/2ship2harkinian/mm/2s2h/SaveManager/SaveManager.cpp:9:
In file included from /Users/christopher/GIT/2ship2harkinian/mm/2s2h/BenJsonConversions.hpp:4:
In file included from /Users/christopher/GIT/2ship2harkinian/mm/include/z64.h:7:
/Users/christopher/GIT/2ship2harkinian/mm/include/libc/math.h:7:9: warning: 'FLT_MAX' macro redefined [-Wmacro-redefined]
#define FLT_MAX 340282346638528859811704183484516925440.0f
        ^
/Applications/Xcode.app/Contents/Developer/Toolchains/XcodeDefault.xctoolchain/usr/lib/clang/15.0.0/include/float.h:124:9: note: previous definition is here
#define FLT_MAX __FLT_MAX__
        ^
In file included from /Users/christopher/GIT/2ship2harkinian/mm/2s2h/SaveManager/SaveManager.cpp:9:
/Users/christopher/GIT/2ship2harkinian/mm/2s2h/BenJsonConversions.hpp:61:22: warning: comparison of integers of different signs: 'int' and 'size_t' (aka 'unsigned long') [-Wsign-compare]
    for(int i = 0; i < arbitraryItemEquipButtonDefinitionCount; i++){
                   ~ ^ ~~~~~~~~~~~~~~~~~~~~~~~~~~~~~~~~~~~~~~~
/Users/christopher/GIT/2ship2harkinian/mm/2s2h/SaveManager/SaveManager.cpp:33:9: warning: 'GET_NEWF' macro redefined [-Wmacro-redefined]
#define GET_NEWF(save, index) (save.saveInfo.playerData.newf[index])
        ^
/Users/christopher/GIT/2ship2harkinian/mm/src/overlays/gamestates/ovl_file_choose/z_file_select.h:21:9: note: previous definition is here
#define GET_NEWF(fileSelect, slotNum, index) (fileSelect->newf[slotNum][index])
        ^
/Users/christopher/GIT/2ship2harkinian/mm/2s2h/SaveManager/SaveManager.cpp:71:17: warning: comparison of integers of different signs: 'int' and 'const uint32_t' (aka 'const unsigned int') [-Wsign-compare]
    if (version > CURRENT_SAVE_VERSION) {
        ~~~~~~~ ^ ~~~~~~~~~~~~~~~~~~~~
/Users/christopher/GIT/2ship2harkinian/mm/2s2h/SaveManager/SaveManager.cpp:82:24: warning: comparison of integers of different signs: 'int' and 'const uint32_t' (aka 'const unsigned int') [-Wsign-compare]
        while (version < CURRENT_SAVE_VERSION) {
               ~~~~~~~ ^ ~~~~~~~~~~~~~~~~~~~~
/Users/christopher/GIT/2ship2harkinian/mm/2s2h/SaveManager/SaveManager.cpp:295:13: warning: enumeration values 'FLASH_SLOT_FILE_UNAVAILABLE', 'FLASH_SLOT_FILE_SRAM_HEADER', and 'FLASH_SLOT_FILE_SRAM_HEADER_BACKUP' not handled in switch [-Wswitch]
    switch (flashSlotFile) {
            ^~~~~~~~~~~~~
/Users/christopher/GIT/2ship2harkinian/mm/2s2h/SaveManager/SaveManager.cpp:295:13: note: add missing switch cases
    switch (flashSlotFile) {
            ^
/Users/christopher/GIT/2ship2harkinian/mm/2s2h/SaveManager/SaveManager.cpp:281:10: warning: variable 'isBackup' set but not used [-Wunused-but-set-variable]
    bool isBackup = false;
         ^
88 warnings generated.
[3/3] Linking CXX executable mm/2s2h-macos
ld: warning: ignoring duplicate libraries: 'libultraship/src/libultraship.a'
